--- FAIL: TestTaskConversions (0.00s)
	task_model_test.go:53: &{0     0001-01-01 00:00:00 +0000 UTC 0001-01-01 00:00:00 +0000 UTC 0001-01-01 00:00:00 +0000 UTC 0 [] [] 0 false 0001-01-01 00:00:00 +0000 UTC 0001-01-01 00:00:00 +0000 UTC 0}
	task_model_test.go:53: &{0     0001-01-01 00:00:00 +0000 UTC 0001-01-01 00:00:00 +0000 UTC 0001-01-01 00:00:00 +0000 UTC 0 [] [] 0 false 0001-01-01 00:00:00 +0000 UTC 0001-01-01 00:00:00 +0000 UTC 0}
	task_model_test.go:73: TestTaskConversions 1: 
		EXPECTED: {"id":1,"name":"task1","description":"test","failureCriteria":"failT","acceptanceCriteria":"acceptT","deadline":"2016-01-02T17:20:21.684481974-05:00","failTime":"2016-01-02T17:20:21.684481974-05:00","acceptTime":"2016-01-02T17:20:21.684481974-05:00","achievementPoints":0,"subtasks":[&{0     0001-01-01 00:00:00 +0000 UTC 0001-01-01 00:00:00 +0000 UTC 0001-01-01 00:00:00 +0000 UTC 0 [] [] 0 false 0001-01-01 00:00:00 +0000 UTC 0001-01-01 00:00:00 +0000 UTC 0},&{0     0001-01-01 00:00:00 +0000 UTC 0001-01-01 00:00:00 +0000 UTC 0001-01-01 00:00:00 +0000 UTC 0 [] [] 0 false 0001-01-01 00:00:00 +0000 UTC 0001-01-01 00:00:00 +0000 UTC 0}],"goals":[],"progress":0,"recurring":false,"recurStart":"2016-01-02T17:20:21.684481974-05:00","recurEnd":"2016-01-02T17:20:21.684481974-05:00","recurInterval":0}
		ACTUAL:     {"id":1,"name":"task1","description":"test","failureCriteria":"failT","acceptanceCriteria":"acceptT","deadline":"2016-01-02T17:20:21.684481974-05:00","failTime":"2016-01-02T17:20:21.684481974-05:00","acceptTime":"2016-01-02T17:20:21.684481974-05:00","achievementPoints":0,"subtasks":[{"acceptTime":"\"0001-01-01T00:00:00Z\"","acceptanceCriteria":"","achievementPoints":"0","deadline":"\"0001-01-01T00:00:00Z\"","description":"","failTime":"\"0001-01-01T00:00:00Z\"","failureCriteria":"","goals":"null","id":"0","name":"","progress":"OPEN","recurEnd":"\"0001-01-01T00:00:00Z\"","recurInterval":"0","recurStart":"\"0001-01-01T00:00:00Z\"","recurring":"false","subtasks":"[]"},{"acceptTime":"\"0001-01-01T00:00:00Z\"","acceptanceCriteria":"","achievementPoints":"0","deadline":"\"0001-01-01T00:00:00Z\"","description":"","failTime":"\"0001-01-01T00:00:00Z\"","failureCriteria":"","goals":"null","id":"0","name":"","progress":"OPEN","recurEnd":"\"0001-01-01T00:00:00Z\"","recurInterval":"0","recurStart":"\"0001-01-01T00:00:00Z\"","recurring":"false","subtasks":"[]"}],"goals":[],"progress":0,"recurring":false,"recurStart":"2016-01-02T17:20:21.684481974-05:00","recurEnd":"2016-01-02T17:20:21.684481974-05:00","recurInterval":0}
FAIL
FAIL	command-line-arguments	0.002s
